[debug] [2026-05-12T12:41:17.635Z] ----------------------------------------------------------------------
[debug] [2026-05-12T12:41:17.640Z] Command:       C:\Program Files\nodejs\node.exe C:\Users\krupa\AppData\Roaming\npm\node_modules\firebase-tools\lib\bin\firebase.js init
[debug] [2026-05-12T12:41:17.640Z] CLI Version:   15.17.0
[debug] [2026-05-12T12:41:17.640Z] Platform:      win32
[debug] [2026-05-12T12:41:17.641Z] Node Version:  v24.14.1
[debug] [2026-05-12T12:41:17.641Z] Time:          Tue May 12 2026 18:11:17 GMT+0530 (India Standard Time)
[debug] [2026-05-12T12:41:17.641Z] ----------------------------------------------------------------------
[debug] 
[info] 
     ######## #### ########  ######## ########     ###     ######  ########
     ##        ##  ##     ## ##       ##     ##  ##   ##  ##       ##
     ######    ##  ########  ######   ########  #########  ######  ######
     ##        ##  ##    ##  ##       ##     ## ##     ##       ## ##
     ##       #### ##     ## ######## ########  ##     ##  ######  ########

You're about to initialize a Firebase project in this directory:

  C:\Users\krupa\OneDrive\Attachments\Desktop\envitrolabs.in

[info] 
=== Project Setup
[info] 
[info] First, let's associate this project directory with a Firebase project.
[info] You can create multiple project aliases by running firebase use --add, 
[info] 
[info] i  If you want to create a project in a Google Cloud organization or folder, please use "firebase projects:create" instead, and return to this command when you've created the project. 
[debug] [2026-05-12T12:46:06.475Z] > command requires scopes: ["email","openid","https://www.googleapis.com/auth/cloudplatformprojects.readonly","https://www.googleapis.com/auth/firebase","https://www.googleapis.com/auth/cloud-platform"]
[debug] [2026-05-12T12:46:06.476Z] > authorizing via signed-in user (krupa13kotecha@gmail.com)
[debug] [2026-05-12T12:46:45.575Z] Checked if tokens are valid: true, expires at: 1778593113847
[debug] [2026-05-12T12:46:45.576Z] Checked if tokens are valid: true, expires at: 1778593113847
[debug] [2026-05-12T12:46:45.580Z] >>> [apiv2][query] POST https://firebase.googleapis.com/v1/projects:checkProjectId [none]
[debug] [2026-05-12T12:46:45.581Z] >>> [apiv2][body] POST https://firebase.googleapis.com/v1/projects:checkProjectId {"proposedId":"firebase projects:create "}
[debug] [2026-05-12T12:46:46.133Z] <<< [apiv2][status] POST https://firebase.googleapis.com/v1/projects:checkProjectId 400
[debug] [2026-05-12T12:46:46.134Z] <<< [apiv2][body] POST https://firebase.googleapis.com/v1/projects:checkProjectId {"error":{"code":400,"message":"Request contains an invalid argument.","status":"INVALID_ARGUMENT"}}
[debug] [2026-05-12T12:46:46.135Z] Couldn't check if project ID firebase projects:create  is available. Original error: FirebaseError: Failed to check if project ID is available. See firebase-debug.log for more info.
[debug] [2026-05-12T12:47:04.279Z] Checked if tokens are valid: true, expires at: 1778593113847
[debug] [2026-05-12T12:47:04.279Z] Checked if tokens are valid: true, expires at: 1778593113847
[debug] [2026-05-12T12:47:04.279Z] >>> [apiv2][query] POST https://cloudresourcemanager.googleapis.com/v1/projects [none]
[debug] [2026-05-12T12:47:04.279Z] >>> [apiv2][body] POST https://cloudresourcemanager.googleapis.com/v1/projects {"projectId":"firebase projects:create ","name":"EnvitroLabs-site"}
[debug] [2026-05-12T12:47:05.840Z] <<< [apiv2][status] POST https://cloudresourcemanager.googleapis.com/v1/projects 400
[debug] [2026-05-12T12:47:05.840Z] <<< [apiv2][body] POST https://cloudresourcemanager.googleapis.com/v1/projects {"error":{"code":400,"message":"Request contains an invalid argument.","status":"INVALID_ARGUMENT","details":[{"@type":"type.googleapis.com/google.rpc.BadRequest","fieldViolations":[{"field":"project_id","description":"Cannot create domain prefixed projects"},{"field":"project_id","description":"project_id contains invalid characters"}]},{"@type":"type.googleapis.com/google.rpc.Help","links":[{"url":"https://cloud.google.com/resource-manager/reference/rest/v1/projects"}]}]}}
[debug] [2026-05-12T12:47:06.282Z] FirebaseError: Request to https://cloudresourcemanager.googleapis.com/v1/projects had HTTP Error: 400, Request contains an invalid argument.
    at responseToError (C:\Users\krupa\AppData\Roaming\npm\node_modules\firebase-tools\lib\responseToError.js:53:12)
    at RetryOperation._fn (C:\Users\krupa\AppData\Roaming\npm\node_modules\firebase-tools\lib\apiv2.js:333:77)
    at process.processTicksAndRejections (node:internal/process/task_queues:104:5)
[error] 
[error] Error: Failed to create project. See firebase-debug.log for more info.
